=== 1. DOCTOR SIGNUP ===
URL: http://localhost:3000/auth/signup
METHOD: POST
Raw Data:
{
    "email":  "dr.sarah@example.com",
    "name":  "Dr. Sarah Johnson",
    "password":  "SecurePass123!",
    "role":  "DOCTOR"
}

